// Jest Snapshot v1, https://goo.gl/fbAQLP

exports[`Button Sanity tests for Button matches the snapshot 1`] = `"<button class=\\"button\\"></button>"`;
